
D:\PB171\GIT\gittest2\pb2csdotnettempout>if "" == "" set NET_FRAMEWORK170=C:\Windows\Microsoft.NET\Framework\v4.0.30319 

D:\PB171\GIT\gittest2\pb2csdotnettempout>C:\Windows\Microsoft.NET\Framework\v4.0.30319\csc
Microsoft (R) Visual C# Compiler version 4.0.30319.18408
for Microsoft (R) .NET Framework 4.5
Copyright (C) Microsoft Corporation. All rights reserved.

warning CS2008: No source files specified
error CS1562: Outputs without source must have the /out option specified

D:\PB171\GIT\gittest2\pb2csdotnettempout>if errorlevel 9009 exit 3 

D:\PB171\GIT\gittest2\pb2csdotnettempout>setlocal

D:\PB171\GIT\gittest2\pb2csdotnettempout>if exist "D:\PB171\GIT\gittest2\pb2csdotnettempout\*.cs" del "D:\PB171\GIT\gittest2\pb2csdotnettempout\*.cs" 

D:\PB171\GIT\gittest2\pb2csdotnettempout>rename "D:\PB171\GIT\gittest2\pb2csdotnettempout\AssemblyInfo.bak" "AssemblyInfo.cs" 

D:\PB171\GIT\gittest2\pb2csdotnettempout>"C:\Program Files\Appeon\PowerBuilder 17.0\DotNET\bin\pb2cs" @"D:\PB171\GIT\gittest2\pb2csdotnettempout\projectinfo.txt" 
n_assembly,n_assembly,get_info:S,get_info,,
Type-checking (pass 1) system (system)
Parsing d:\pb171\git\gittest2\assembly.pbl (n_assembly)
Parsing d:\pb171\git\gittest2\assembly.pbl (assembly)
Type-checking (pass 1) d:\pb171\git\gittest2\assembly.pbl (assembly)
Type-checking (pass 1) d:\pb171\git\gittest2\assembly.pbl (n_assembly)
Type-checking (pass 1) d:\pb171\git\gittest2\assembly.pbl (assembly)
Type-checking (pass 1) d:\pb171\git\gittest2\assembly.pbl (n_assembly)
Type-checking (pass 1) d:\pb171\git\gittest2\assembly.pbl (assembly)
Type-checking (pass 1) d:\pb171\git\gittest2\assembly.pbl (n_assembly)
Type-checking prototypes/instance variables(pass 2) 
Type-checking prototypes/instance variables(pass 2) 
Type-checking methods(pass 2) d:\pb171\git\gittest2\assembly.pbl (assembly)
Type-checking methods(pass 2) d:\pb171\git\gittest2\assembly.pbl (n_assembly)
Emitting d:\pb171\git\gittest2\assembly.pbl (assembly)
Emitting d:\pb171\git\gittest2\assembly.pbl (n_assembly)
Emitting d:\pb171\git\gittest2\assembly.pbl (assembly)
Emitting d:\pb171\git\gittest2\assembly.pbl (n_assembly)
Emitting d:\pb171\git\gittest2\assembly.pbl (assembly)
Emitting d:\pb171\git\gittest2\assembly.pbl (n_assembly)


Error Summary : 0 error(s) 



Warning Summary : 0 warning(s) 



Compile complete -- 0 error(s), 0 warning(s)


D:\PB171\GIT\gittest2\pb2csdotnettempout>if ERRORLEVEL 1 exit 1 

D:\PB171\GIT\gittest2\pb2csdotnettempout>call build.bat c- "D:\PB171\GIT\gittest2\pb2csdotnettempout\csc_output_file_name.txt" 

D:\PB171\GIT\gittest2\pb2csdotnettempout>setlocal

D:\PB171\GIT\gittest2\pb2csdotnettempout>if "c-" == "" goto usage  

D:\PB171\GIT\gittest2\pb2csdotnettempout>if "C:\Program Files\Appeon\PowerBuilder 17.0\DotNET" == "" goto sethome 

D:\PB171\GIT\gittest2\pb2csdotnettempout>set NET_FRAMEWORK_PB$PBVERSION$=C:\Windows\Microsoft.NET\Framework\v4.0.30319 

D:\PB171\GIT\gittest2\pb2csdotnettempout>md bin 

D:\PB171\GIT\gittest2\pb2csdotnettempout>md install 

D:\PB171\GIT\gittest2\pb2csdotnettempout>if "c-" == "c-" goto notcopy 

D:\PB171\GIT\gittest2\pb2csdotnettempout>reg import "C:\Program Files\Appeon\PowerBuilder 17.0\DotNET\bin\PBExceptionTrace.reg" 
The operation completed successfully.

D:\PB171\GIT\gittest2\pb2csdotnettempout>xcopy /D /Y "d:\pb171\git\gittest2\assembly.pbd" bin\ 
D:\pb171\git\gittest2\assembly.pbd
1 File(s) copied

D:\PB171\GIT\gittest2\pb2csdotnettempout>xcopy /D /Y "d:\pb171\git\gittest2\assembly.pbd" install\ 
D:\pb171\git\gittest2\assembly.pbd
1 File(s) copied

D:\PB171\GIT\gittest2\pb2csdotnettempout>if "D:\PB171\GIT\gittest2\pb2csdotnettempout\csc_output_file_name.txt" == "" (C:\Windows\Microsoft.NET\Framework\v4.0.30319\csc /t:library /debug /nowarn:1591 /doc:"bin\assemblytest.xml"   /platform:x86  "/r:C:\Program Files\Appeon\PowerBuilder 17.0\DotNET\bin\Sybase.PowerBuilder.Core.dll;C:\Program Files\Appeon\PowerBuilder 17.0\DotNET\bin\Sybase.PowerBuilder.Interop.dll;C:\Program Files\Appeon\PowerBuilder 17.0\DotNET\bin\Sybase.PowerBuilder.Common.dll;C:\Program Files\Appeon\PowerBuilder 17.0\DotNET\bin\Sybase.PowerBuilder.Win.dll;C:\Program Files\Appeon\PowerBuilder 17.0\DotNET\bin\Sybase.PowerBuilder.WinWebDataWindowCommon.dll;C:\Program Files\Appeon\PowerBuilder 17.0\DotNET\bin\com.sybase.ejb.net.dll;C:\Program Files\Appeon\PowerBuilder 17.0\DotNET\bin\com.sybase.iiop.net.dll"  /out:"bin\assemblytest.dll" *.cs )  else (C:\Windows\Microsoft.NET\Framework\v4.0.30319\csc /t:library /debug /nowarn:1591 /doc:"bin\assemblytest.xml"   /platform:x86  "/r:C:\Program Files\Appeon\PowerBuilder 17.0\DotNET\bin\Sybase.PowerBuilder.Core.dll;C:\Program Files\Appeon\PowerBuilder 17.0\DotNET\bin\Sybase.PowerBuilder.Interop.dll;C:\Program Files\Appeon\PowerBuilder 17.0\DotNET\bin\Sybase.PowerBuilder.Common.dll;C:\Program Files\Appeon\PowerBuilder 17.0\DotNET\bin\Sybase.PowerBuilder.Win.dll;C:\Program Files\Appeon\PowerBuilder 17.0\DotNET\bin\Sybase.PowerBuilder.WinWebDataWindowCommon.dll;C:\Program Files\Appeon\PowerBuilder 17.0\DotNET\bin\com.sybase.ejb.net.dll;C:\Program Files\Appeon\PowerBuilder 17.0\DotNET\bin\com.sybase.iiop.net.dll"  /out:"bin\assemblytest.dll" *.cs  1>"D:\PB171\GIT\gittest2\pb2csdotnettempout\csc_output_file_name.txt" ) 
Build Succeeded.

D:\PB171\GIT\gittest2\pb2csdotnettempout>goto end 

D:\PB171\GIT\gittest2\pb2csdotnettempout>xcopy /D /Y "bin\assemblytest.dll" install\ 
bin\assemblytest.dll
1 File(s) copied

D:\PB171\GIT\gittest2\pb2csdotnettempout>endlocal

D:\PB171\GIT\gittest2\pb2csdotnettempout>if ERRORLEVEL 1 exit 2 

D:\PB171\GIT\gittest2\pb2csdotnettempout>if exist "D:\PB171\GIT\gittest2\pb2csdotnettempout\*.cs" del "D:\PB171\GIT\gittest2\pb2csdotnettempout\*.cs" 

D:\PB171\GIT\gittest2\pb2csdotnettempout>goto end 

D:\PB171\GIT\gittest2\pb2csdotnettempout>endlocal
Generating PowerBuilder .NET assemblies succeeded.
Warning: Cannot copy the log.txt file to the output directory.
